// Jest Snapshot v1, https://goo.gl/fbAQLP

exports[`matches snapshot 1`] = `
<styled.div
  data-test="HamburgerComponent"
  onClick={[Function]}
  opened={false}
>
  <div />
</styled.div>
`;
